gravity_good_prm_0001_10-no voe
gravity_good_cn_0001_07-no voe
gravity_good_prm_0001_01-no voe
gravity_good_sqf_0001_07-no voe
gravity_good_lw_0001_03-no voe
gravity_good_lw_0001_05-no voe
gravity_good_cube_0001_10-no voe
gravity_good_ln_0001_04-no voe
gravity_good_tr_0001_12-no voe
gravity_good_cf_0001_01-no voe
gravity_good_ln_0001_08-no voe
gravity_good_cy_0001_04-no voe
gravity_good_cy_0001_16-no voe
gravity_good_ln_0001_06-no voe
gravity_good_tr_0001_04-no voe
gravity_good_lw_0001_07-no voe
gravity_good_prm_0001_15-no voe
gravity_good_ln_0001_11-no voe
gravity_good_cn_0001_04-no voe
gravity_good_tr_0001_06-no voe
gravity_good_tr_0001_09-no voe
gravity_good_sqf_0001_13-no voe
gravity_good_cf_0001_12-no voe
gravity_good_tr_0001_05-no voe
gravity_good_cy_0001_12-no voe
gravity_good_cy_0001_11-no voe
gravity_good_cn_0001_08-no voe
gravity_good_lw_0001_06-no voe
gravity_good_cube_0001_01-no voe
gravity_good_cf_0001_09-no voe
gravity_good_sqf_0001_03-no voe
gravity_good_cn_0001_14-no voe
gravity_good_cn_0001_03-no voe
gravity_good_cy_0001_14-no voe
gravity_good_cube_0001_06-no voe
gravity_good_cn_0001_10-no voe
gravity_good_prm_0001_07-no voe
gravity_good_lw_0001_13-no voe
gravity_good_lw_0001_08-no voe
gravity_good_cube_0001_02-no voe
gravity_good_ln_0001_05-no voe
gravity_good_ln_0001_13-no voe
gravity_good_lw_0001_14-no voe
gravity_good_cube_0001_09-no voe
gravity_good_ln_0001_02-no voe
gravity_good_cf_0001_02-no voe
gravity_good_cf_0001_08-no voe
gravity_good_tr_0001_13-no voe
gravity_good_sqf_0001_09-no voe
gravity_good_cn_0001_06-no voe
gravity_good_cf_0001_11-no voe
gravity_good_tr_0001_10-no voe
gravity_good_prm_0001_14-no voe
gravity_good_cf_0001_04-no voe
gravity_good_cf_0001_03-no voe
gravity_good_cf_0001_08-no voe
gravity_good_cy_0001_09-no voe
gravity_good_cube_0001_15-no voe
gravity_good_lw_0001_10-no voe
gravity_good_cy_0001_02-no voe
gravity_good_sqf_0001_15-no voe
gravity_good_sqf_0001_10-no voe
gravity_good_cube_0001_08-no voe
gravity_good_cube_0001_04-no voe
gravity_good_ln_0001_01-no voe
gravity_good_cn_0001_12-no voe
gravity_good_prm_0001_11-no voe
gravity_good_sqf_0001_12-no voe
gravity_good_prm_0001_09-no voe
gravity_good_sqf_0001_04-no voe
----------------------------------
gravity_bad_prm_0001_03-voe
gravity_bad_cube_0001_03-voe
gravity_bad_cy_0001_03-voe
gravity_bad_tr_0001_02-voe
gravity_bad_cube_0001_13-voe
gravity_bad_ln_0001_14-voe
gravity_bad_ln_0001_15-voe
gravity_bad_cn_0001_05-voe
gravity_bad_cf_0001_16-voe
gravity_bad_sqf_0001_16-voe
gravity_bad_prm_0001_06-voe
gravity_bad_ln_0001_16-voe
gravity_bad_cn_0001_02-voe
gravity_bad_prm_0001_08-voe
gravity_bad_cn_0001_15-voe
gravity_bad_lw_0001_02-voe
gravity_bad_cube_0001_11-voe
gravity_bad_prm_0001_05-voe
gravity_bad_cf_0001_07-voe
gravity_bad_ln_0001_09-voe
gravity_bad_sqf_0001_05-voe
gravity_bad_prm_0001_16-voe
gravity_bad_lw_0001_15-voe
gravity_bad_cn_0001_13-voe
gravity_bad_cf_0001_05-voe
gravity_bad_cf_0001_15-voe
gravity_bad_ln_0001_12-voe
gravity_bad_lw_0001_12-voe
gravity_bad_cf_0001_10-voe
gravity_bad_lw_0001_16-voe
gravity_bad_cy_0001_10-voe
gravity_bad_lw_0001_01-voe
gravity_bad_tr_0001_03-voe
gravity_bad_cy_0001_13-voe
gravity_bad_tr_0001_07-voe
gravity_bad_sqf_0001_14-voe
gravity_bad_tr_0001_01-voe
gravity_bad_cy_0001_01-voe
gravity_bad_cy_0001_08-voe
gravity_bad_tr_0001_11-voe
gravity_bad_cn_0001_11-voe
gravity_bad_cy_0001_15-voe
gravity_bad_tr_0001_15-voe
gravity_bad_cf_0001_06-voe
gravity_bad_cube_0001_07-voe
gravity_bad_cube_0001_16-voe
gravity_bad_lw_0001_09-voe
gravity_bad_cf_0001_13-voe
gravity_bad_cy_0001_05-voe
gravity_bad_prm_0001_04-voe
gravity_bad_cy_0001_06-voe
gravity_bad_cube_0001_12-voe
gravity_bad_sqf_0001_11-voe
gravity_bad_cube_0001_05-voe
gravity_bad_prm_0001_12-voe
gravity_bad_sqf_0001_02-voe
gravity_bad_ln_0001_07-voe
gravity_bad_sqf_0001_08-voe
gravity_bad_cn_0001_09-voe
gravity_bad_sqf_0001_01-voe
gravity_bad_cn_0001_01-voe
gravity_bad_ln_0001_03-voe
gravity_bad_lw_0001_04-voe
gravity_bad_sqf_0001_06-voe
gravity_bad_cn_0001_16-voe
gravity_bad_lw_0001_11-voe
gravity_bad_cf_0001_14-voe
gravity_bad_tr_0001_08-voe
gravity_bad_prm_0001_13-voe
gravity_bad_cube_0001_14-voe
gravity_bad_ln_0001_10-voe
gravity_bad_tr_0001_16-voe
--------------------------------------
gravity_bad_lw_0001_11-voe
gravity_bad_cf_0001_05-voe
gravity_bad_cube_0001_05-voe
gravity_bad_lw_0001_15-voe
gravity_bad_cn_0001_15-voe
gravity_bad_cy_0001_13-voe
gravity_bad_tr_0001_03-voe
gravity_bad_sqf_0001_05-voe
gravity_bad_ln_0001_09-voe
gravity_bad_cy_0001_01-voe
gravity_bad_cube_0001_07-voe
gravity_bad_prm_0001_08-voe
gravity_bad_cy_0001_05-voe
gravity_bad_prm_0001_16-voe
gravity_bad_cn_0001_13-voe
gravity_bad_tr_0001_01-voe
gravity_bad_tr_0001_08-voe
gravity_bad_sqf_0001_02-voe
gravity_bad_lw_0001_02-voe
gravity_bad_cube_0001_03-voe
gravity_bad_cf_0001_13-voe
gravity_bad_ln_0001_03-voe
gravity_bad_lw_0001_09-voe
gravity_bad_lw_0001_01-voe
gravity_bad_cf_0001_14-voe
gravity_bad_lw_0001_16-voe
gravity_bad_sqf_0001_06-voe
gravity_bad_prm_0001_05-voe
gravity_bad_cn_0001_05-voe
gravity_bad_cf_0001_07-voe
gravity_bad_prm_0001_12-voe
gravity_bad_lw_0001_12-voe
gravity_bad_ln_0001_07-voe
gravity_bad_cf_0001_06-voe
gravity_bad_sqf_0001_11-voe
gravity_bad_cy_0001_08-voe
gravity_bad_lw_0001_04-voe
gravity_bad_cn_0001_02-voe
gravity_bad_cube_0001_16-voe
gravity_bad_cube_0001_11-voe
gravity_bad_cf_0001_10-voe
gravity_bad_cf_0001_16-voe
gravity_bad_sqf_0001_01-voe
gravity_bad_prm_0001_06-voe
gravity_bad_ln_0001_15-voe
gravity_bad_prm_0001_13-voe
gravity_bad_prm_0001_02-no voe
gravity_bad_prm_0001_03-voe
gravity_bad_cn_0001_16-voe
gravity_bad_tr_0001_11-voe
gravity_bad_ln_0001_16-voe
gravity_bad_cn_0001_11-voe
gravity_bad_sqf_0001_16-voe
gravity_bad_cn_0001_01-voe
gravity_bad_cy_0001_10-voe
gravity_bad_cf_0001_15-voe
gravity_bad_tr_0001_07-voe
gravity_bad_cn_0001_09-voe
gravity_bad_tr_0001_02-voe
gravity_bad_cube_0001_13-voe
gravity_bad_cy_0001_03-voe
gravity_bad_sqf_0001_14-voe
gravity_bad_ln_0001_12-voe
gravity_bad_cy_0001_06-voe
gravity_bad_sqf_0001_08-voe
gravity_bad_cy_0001_15-voe
gravity_bad_cube_0001_12-voe
gravity_bad_tr_0001_14-no voe
gravity_bad_ln_0001_10-voe
gravity_bad_ln_0001_14-voe
gravity_bad_prm_0001_04-voe
gravity_bad_tr_0001_15-voe
gravity_bad_tr_0001_16-voe
gravity_bad_cube_0001_14-voe
gravity_good_cf_0001_02-no voe
gravity_bad_s2_0001_01-no voe
gravity_bad_s2_0001_01-no voe
gravity_bad_s2_0001_01-no voe
gravity_bad_s2_0001_14-voe
gravity_bad_s2_0001_14-voe
gravity_bad_s2_0001_14-voe
gravity_bad_s2_0001_14-no voe
gravity_bad_s2_0001_14-no voe
gravity_bad_s2_0001_14-no voe
gravity_bad_s2_0001_14-no voe
gravity_bad_s2_0001_14-no voe
gravity_bad_s2_0001_14-no voe
gravity_bad_s2_0001_14-no voe
gravity_bad_s2_0001_14-voe
gravity_good_s2_0001_04-no voe
gravity_good_s2_0001_04-no voe
gravity_good_s2_0001_02-no voe
gravity_bad_s2_0001_14-voe
gravity_good_s2_0001_02-no voe
gravity_good_s2_0001_04-no voe
gravity_good_s2_0001_02-no voe
gravity_good_s2_0001_02-no voe
gravity_good_s2_0001_04-no voe
gravity_bad_s2_0001_14-voe
gravity_bad_s2_0001_14-no voe
gravity_good_s2_0001_04-no voe
gravity_good_s2_0001_02-no voe
gravity_bad_s2_0001_14-no voe
gravity_good_s2_0001_02-no voe
gravity_good_s2_0001_02-no voe
gravity_good_s2_0001_02-no voe
gravity_good_s2_0001_02-no voe
gravity_good_s2_0001_04-no voe
gravity_bad_s2_0001_14-no voe
gravity_good_s2_0001_02-no voe
gravity_good_s2_0001_04-no voe
gravity_good_s2_0001_02-no voe
gravity_good_s2_0001_04-no voe
gravity_bad_s2_0001_14-no voe
gravity_good_s2_0001_02-no voe
gravity_good_s2_0001_04-no voe
gravity_good_s2_0001_04-no voe
gravity_good_s2_0001_04-no voe
gravity_bad_s2_0001_14-voe
gravity_good_s2_0001_02-no voe
gravity_good_s2_0001_04-no voe
gravity_good_s2_0001_04-no voe
gravity_good_s2_0001_04-no voe
gravity_bad_s2_0001_14-no voe
gravity_bad_s2_0001_14-no voe
gravity_bad_s2_0001_14-no voe
gravity_bad_s2_0001_14-no voe
gravity_bad_s2_0001_14-no voe
gravity_good_cylinder_0001_03-no voe
gravity_good_cylinder_0001_03-no voe
gravity_good_cylinder_0001_03-no voe
gravity_good_cylinder_0001_03-no voe
gravity_good_cylinder_0001_03-no voe
gravity_good_cylinder_0001_01-no voe
gravity_good_cylinder_0001_01-no voe
gravity_good_cylinder_0001_01-no voe
gravity_bad_s2_0001_01-no voe
gravity_bad_s2_0001_01-voe
gravity_bad_s2_0001_01-voe
gravity_bad_cf_0001_05-voe
gravity_bad_cf_0001_10-voe
gravity_good_cf_0001_03-voe
gravity_bad_cf_0001_15-no voe
gravity_bad_cn_0001_01-voe
